
> vacaciones-cni@0.1.0 build C:\Desarrollo\gestion-vacaciones
> next build

node.exe : [baseline-browser-mapping] 
The data in this module is over two 
months old.  To ensure accurate 
Baseline data, please update: `npm i 
baseline-browser-mapping@latest -D`
En C:\Users\sopor\AppData\Roaming\npm\p
npm.ps1: 24 Carácter: 5
+     & "node$exe"  "$basedir/node_modu
les/pnpm/bin/pnpm.cjs" $args
+     ~~~~~~~~~~~~~~~~~~~~~~~~~~~~~~~~~
~~~~~~~~~~~~~~~~~~~~~~~~~~~~
    + CategoryInfo          : NotSpeci 
   fied: ([baseline-brows...ping@late  
  st -D`:String) [], RemoteException
    + FullyQualifiedErrorId : NativeCo 
   mmandError
 
   Γû▓ Next.js 16.0.3 (Turbopack)
   - Environments: .env.local, .env
   - Experiments (use with caution):
     ┬╖ serverActions

 ΓÜá The "middleware" file convention 
is deprecated. Please use "proxy" 
instead. Learn more: https://nextjs.org
/docs/messages/middleware-to-proxy
   Creating an optimized production build ...
[baseline-browser-mapping] The data in 
this module is over two months old.  
To ensure accurate Baseline data, 
please update: `npm i 
baseline-browser-mapping@latest -D`
(node:23656) 
[MODULE_TYPELESS_PACKAGE_JSON] 
Warning: Module type of file:///C:/Desa
rrollo/gestion-vacaciones/postcss.confi
g.js is not specified and it doesn't 
parse as CommonJS.
Reparsing as ES module because module 
syntax was detected. This incurs a 
performance overhead.
To eliminate this warning, add "type": 
"module" to C:\Desarrollo\gestion-vacac
iones\package.json.
(Use `node --trace-warnings ...` to 
show where the warning was created)
Turbopack build encountered 1 warnings:
./node_modules/.pnpm/fstream@1.0.12/nod
e_modules/fstream/lib
Package rimraf can't be external
The request rimraf matches 
serverExternalPackages (or the default 
list).
The request could not be resolved by 
Node.js from the project directory.
Packages that should be external need 
to be installed in the project 
directory, so they can be resolved 
from the output files.
Try to install it into the project 
directory by running npm install 
rimraf from the project directory.



> Build error occurred
Error: Turbopack build failed with 1 
errors:
./src/app/globals.css
Error evaluating Node.js code
CssSyntaxError: C:\Desarrollo\gestion-v
acaciones\src\app\globals.css:41:1: 
Unexpected }
    at Input.error (node_modules/.pnpm/
postcss@8.4.31/node_modules/postcss/lib
/input.js:106:16) [C:\Desarrollo\gestio
n-vacaciones\.next\build\chunks\node_mo
dules__pnpm_56ec7204._.js:4132:22]
    at Parser.unexpectedClose (node_mod
ules/.pnpm/postcss@8.4.31/node_modules/
postcss/lib/parser.js:586:22) [C:\Desar
rollo\gestion-vacaciones\.next\build\ch
unks\node_modules__pnpm_56ec7204._.js:5
771:26]
    at Parser.end (node_modules/.pnpm/p
ostcss@8.4.31/node_modules/postcss/lib/
parser.js:331:12) [C:\Desarrollo\gestio
n-vacaciones\.next\build\chunks\node_mo
dules__pnpm_56ec7204._.js:5546:18]
    at Parser.parse (node_modules/.pnpm
/postcss@8.4.31/node_modules/postcss/li
b/parser.js:455:16) [C:\Desarrollo\gest
ion-vacaciones\.next\build\chunks\node_
modules__pnpm_56ec7204._.js:5655:26]
    at parse (node_modules/.pnpm/postcs
s@8.4.31/node_modules/postcss/lib/parse
.js:11:12) [C:\Desarrollo\gestion-vacac
iones\.next\build\chunks\node_modules__
pnpm_56ec7204._.js:5804:16]
    at new LazyResult (node_modules/.pn
pm/postcss@8.4.31/node_modules/postcss/
lib/lazy-result.js:133:16) [C:\Desarrol
lo\gestion-vacaciones\.next\build\chunk
s\node_modules__pnpm_56ec7204._.js:5951
:24]
    at Processor.process (node_modules/
.pnpm/postcss@8.4.31/node_modules/postc
ss/lib/processor.js:53:14) [C:\Desarrol
lo\gestion-vacaciones\.next\build\chunk
s\node_modules__pnpm_56ec7204._.js:6439
:20]
    at transform (turbopack:///[turbopa
ck-node]/transforms/postcss.ts:70:51) [
C:\Desarrollo\gestion-vacaciones\.next\
build\chunks\[root-of-the-server]__6d51
cb5d._.js:172:52]
    at run (turbopack:///[turbopack-nod
e]/ipc/evaluate.ts:92:29) [C:\Desarroll
o\gestion-vacaciones\.next\build\chunks
\[root-of-the-server]__44695d76._.js:44
3:37]
    at run (turbopack:///[turbopack-nod
e]/ipc/evaluate.ts:115:11) [C:\Desarrol
lo\gestion-vacaciones\.next\build\chunk
s\[root-of-the-server]__44695d76._.js:4
64:25]

Import trace:
  Client Component Browser:
    ./src/app/globals.css [Client 
Component Browser]
    ./src/app/layout.tsx [Server 
Component]


    at transform (turbopack:///[turbopa
ck-node]/transforms/postcss.ts:70:51) [
C:\Desarrollo\gestion-vacaciones\.next\
build\chunks\[root-of-the-server]__6d51
cb5d._.js:172:52])
    at run (turbopack:///[turbopack-nod
e]/ipc/evaluate.ts:92:29) [C:\Desarroll
o\gestion-vacaciones\.next\build\chunks
\[root-of-the-server]__44695d76._.js:44
3:37])
    at run (turbopack:///[turbopack-nod
e]/ipc/evaluate.ts:115:11) [C:\Desarrol
lo\gestion-vacaciones\.next\build\chunk
s\[root-of-the-server]__44695d76._.js:4
64:25])
ΓÇëELIFECYCLEΓÇë Command failed with exit code 1.
